// Jest Snapshot v1, https://goo.gl/fbAQLP

exports[`CostsModule module renders 1`] = `
<Fragment>
  <FormGroup
    className="mb-3"
  >
    <FormLabel
      column={false}
      srOnly={false}
    >
      Cost Type
    </FormLabel>
    <Dropdown
      id="type-dropdown"
      navbar={false}
    >
      <DropdownToggle
        id="costtype"
        variant="primary"
      />
      <DropdownMenu
        align="left"
        alignRight={false}
        flip={true}
      >
        <DropdownItem
          as={
            Object {
              "$$typeof": Symbol(react.forward_ref),
              "render": [Function],
            }
          }
          disabled={false}
          onClick={[Function]}
        >
          Security Deposit
        </DropdownItem>
        <DropdownItem
          as={
            Object {
              "$$typeof": Symbol(react.forward_ref),
              "render": [Function],
            }
          }
          disabled={false}
          onClick={[Function]}
        >
          Bedding Deposit
        </DropdownItem>
        <DropdownItem
          as={
            Object {
              "$$typeof": Symbol(react.forward_ref),
              "render": [Function],
            }
          }
          disabled={false}
          onClick={[Function]}
        >
          Towel Deposit
        </DropdownItem>
        <DropdownItem
          as={
            Object {
              "$$typeof": Symbol(react.forward_ref),
              "render": [Function],
            }
          }
          disabled={false}
          onClick={[Function]}
        >
          Other Deposit
        </DropdownItem>
        <DropdownItem
          as={
            Object {
              "$$typeof": Symbol(react.forward_ref),
              "render": [Function],
            }
          }
          disabled={false}
          onClick={[Function]}
        >
          Administration Fee
        </DropdownItem>
        <DropdownItem
          as={
            Object {
              "$$typeof": Symbol(react.forward_ref),
              "render": [Function],
            }
          }
          disabled={false}
          onClick={[Function]}
        >
          Utility Bills
        </DropdownItem>
        <DropdownItem
          as={
            Object {
              "$$typeof": Symbol(react.forward_ref),
              "render": [Function],
            }
          }
          disabled={false}
          onClick={[Function]}
        >
          Water Bill
        </DropdownItem>
        <DropdownItem
          as={
            Object {
              "$$typeof": Symbol(react.forward_ref),
              "render": [Function],
            }
          }
          disabled={false}
          onClick={[Function]}
        >
          Gas Bill
        </DropdownItem>
        <DropdownItem
          as={
            Object {
              "$$typeof": Symbol(react.forward_ref),
              "render": [Function],
            }
          }
          disabled={false}
          onClick={[Function]}
        >
          Electricity Bill
        </DropdownItem>
        <DropdownItem
          as={
            Object {
              "$$typeof": Symbol(react.forward_ref),
              "render": [Function],
            }
          }
          disabled={false}
          onClick={[Function]}
        >
          Internet Bill
        </DropdownItem>
        <DropdownItem
          as={
            Object {
              "$$typeof": Symbol(react.forward_ref),
              "render": [Function],
            }
          }
          disabled={false}
          onClick={[Function]}
        >
          Final Cleaning
        </DropdownItem>
        <DropdownItem
          as={
            Object {
              "$$typeof": Symbol(react.forward_ref),
              "render": [Function],
            }
          }
          disabled={false}
          onClick={[Function]}
        >
          Cleaning Service
        </DropdownItem>
        <DropdownItem
          as={
            Object {
              "$$typeof": Symbol(react.forward_ref),
              "render": [Function],
            }
          }
          disabled={false}
          onClick={[Function]}
        >
          Overnight Guests
        </DropdownItem>
        <DropdownItem
          as={
            Object {
              "$$typeof": Symbol(react.forward_ref),
              "render": [Function],
            }
          }
          disabled={false}
          onClick={[Function]}
        >
          Other Optional Costs
        </DropdownItem>
        <DropdownItem
          as={
            Object {
              "$$typeof": Symbol(react.forward_ref),
              "render": [Function],
            }
          }
          disabled={false}
          onClick={[Function]}
        >
          Early Move In
        </DropdownItem>
        <DropdownItem
          as={
            Object {
              "$$typeof": Symbol(react.forward_ref),
              "render": [Function],
            }
          }
          disabled={false}
          onClick={[Function]}
        >
          Late Move In
        </DropdownItem>
        <DropdownItem
          as={
            Object {
              "$$typeof": Symbol(react.forward_ref),
              "render": [Function],
            }
          }
          disabled={false}
          onClick={[Function]}
        >
          Late Move Out
        </DropdownItem>
      </DropdownMenu>
    </Dropdown>
  </FormGroup>
</Fragment>
`;
