// Jest Snapshot v1, https://goo.gl/fbAQLP

exports[`ImagesModule Costs module renders 1`] = `
<Fragment>
  <div
    onBlur={[Function]}
    onClick={[Function]}
    onDragEnter={[Function]}
    onDragLeave={[Function]}
    onDragOver={[Function]}
    onDrop={[Function]}
    onFocus={[Function]}
    onKeyDown={[Function]}
    tabIndex={0}
  >
    <input
      autoComplete="off"
      id="image-dropzone"
      multiple={true}
      onChange={[Function]}
      onClick={[Function]}
      style={
        Object {
          "display": "none",
        }
      }
      tabIndex={-1}
      type="file"
    />
    <p>
      Drag 'n' drop some files here, or click to select files
    </p>
    <aside
      style={
        Object {
          "display": "flex",
          "flexDirection": "row",
          "flexWrap": "wrap",
          "marginTop": 16,
        }
      }
    />
  </div>
</Fragment>
`;
