// Jest Snapshot v1, https://goo.gl/fbAQLP

exports[`Preferences module renders 1`] = `
<Fragment>
  <FormGroup
    className="mb-3"
  >
    <FormLabel
      column={false}
      srOnly={false}
    >
      Min Age
    </FormLabel>
    <FormControl
      id="minAge"
      min={18}
      onChange={[Function]}
      placeholder="Enter minAge"
      type="number"
    />
  </FormGroup>
  <FormGroup
    className="mb-3"
  >
    <FormLabel
      column={false}
      srOnly={false}
    >
      Max Age
    </FormLabel>
    <FormControl
      id="maxAge"
      min={35}
      onChange={[Function]}
      placeholder="Enter maxAge"
      type="number"
    />
  </FormGroup>
  <FormGroup
    className="mb-3"
  >
    <Dropdown
      navbar={false}
    >
      <DropdownToggle
        id="preferredGender"
        variant="primary"
      />
      <DropdownMenu
        align="left"
        alignRight={false}
        flip={true}
      >
        <DropdownItem
          as={
            Object {
              "$$typeof": Symbol(react.forward_ref),
              "render": [Function],
            }
          }
          disabled={false}
          onClick={[Function]}
        >
          Male
        </DropdownItem>
        <DropdownItem
          as={
            Object {
              "$$typeof": Symbol(react.forward_ref),
              "render": [Function],
            }
          }
          disabled={false}
          onClick={[Function]}
        >
          Female
        </DropdownItem>
        <DropdownItem
          as={
            Object {
              "$$typeof": Symbol(react.forward_ref),
              "render": [Function],
            }
          }
          disabled={false}
          onClick={[Function]}
        >
          Other
        </DropdownItem>
      </DropdownMenu>
    </Dropdown>
  </FormGroup>
  <FormGroup
    className="mb-3"
  >
    <FormLabel
      column={false}
      srOnly={false}
    >
      Alias
    </FormLabel>
    <FormControl
      id="alias"
      onChange={[Function]}
      placeholder="Enter Alias"
      type="text"
    />
  </FormGroup>
  <FormGroup
    className="mb-3"
  >
    <FormLabel
      column={false}
      srOnly={false}
    >
      External Reference
    </FormLabel>
    <FormControl
      id="externalReference"
      onChange={[Function]}
      placeholder="Enter External Reference"
      type="text"
    />
  </FormGroup>
  <FormGroup
    className="mb-3"
  >
    <FormLabel
      column={false}
      srOnly={false}
    >
      Extra Data
    </FormLabel>
    <FormControl
      id="extraData"
      onChange={[Function]}
      placeholder="A JSON field with extra information important for the listing which doesn't fit in other fields. Make sure to escape the quotes!"
      type="text"
    />
  </FormGroup>
</Fragment>
`;
