// Jest Snapshot v1, https://goo.gl/fbAQLP

exports[`CostsModule module renders 1`] = `
<details>
  <summary>
    <strong>
      Costs
    </strong>
  </summary>
  <ul
    className="costs-details"
    key="17727e7d-2513-4a9f-a408-1ee8d133994f"
  >
    <li
      id="costtype"
    >
      Type:
    </li>
    <li
      id="value"
    >
      Value:
      0
    </li>
    <li
      id="payableAt"
    >
      Payable At:
    </li>
    <li
      id="payableBy"
    >
      Payable By:
    </li>
    <li
      id="refundable"
    >
      Refundable:
      ❌
    </li>
    <li
      id="estimated"
    >
      Estimated:
      ❌
    </li>
    <li
      id="mandatory"
    >
      Mandatory:
      ❌
    </li>
  </ul>
</details>
`;
