// Jest Snapshot v1, https://goo.gl/fbAQLP

exports[`ImagesModule Costs module renders 1`] = `
<div
  className="d-flex card-image-container"
>
  <img
    alt="the-huis"
    className="asset-image"
    id="listing-image"
    key="a261ded9-6414-41e5-9750-e36035d608d5"
    loading="lazy"
    src=""
  />
</div>
`;
